Added Component: Designator=DA1(TP4057)
Added Component: Designator=DD2(raspberryPiPico)
Added Component: Designator=HG1(OledI2C)
Added Component: Designator=HL1(LED)
Added Component: Designator=HL2(LED)
Added Component: Designator=HL3(LED)
Added Component: Designator=HL4(LED)
Added Component: Designator=HL5(LED)
Added Component: Designator=HL6(LED)
Added Component: Designator=R1(Resistor)
Added Component: Designator=R2(Resistor)
Added Component: Designator=R3(Resistor)
Added Component: Designator=R4(Resistor)
Added Component: Designator=R5(Resistor)
Added Component: Designator=R6(Resistor)
Added Component: Designator=SW1(button)
Added Component: Designator=SW2(button)
Added Component: Designator=SW3(button)
Added Component: Designator=SW4(PowerButton)
Added Component: Designator=SW5(button)
Added Component: Designator=SW6(button)
Added Component: Designator=SW7(button)
Added Component: Designator=XS1(18650ÐHolder)
Added Component: Designator=XS2(gpio4)
Added Component: Designator=XS3(gpio4)
Added Component: Designator=XS4(gpio4)
Added Component: Designator=XS5(gpio4)
Added Component: Designator=XS6(gpio4)
Added Component: Designator=XS7(gpio4)
Added Pin To Net: NetName=NetDA1_3 Pin=DA1-3
Added Pin To Net: NetName=NetDA1_4 Pin=DA1-4
Added Pin To Net: NetName=GND Pin=DA1-5
Added Pin To Net: NetName=NetDA1_6 Pin=DA1-6
Add Pin To Net: Unknown Pin: Pin DD1-9
Add Pin To Net: Unknown Pin: Pin DD1-10
Add Pin To Net: Unknown Pin: Pin DD1-15
Add Pin To Net: Unknown Pin: Pin DD1-16
Added Pin To Net: NetName=NetDD2_1 Pin=DD2-1
Added Pin To Net: NetName=NetDD2_2 Pin=DD2-2
Added Pin To Net: NetName=GND Pin=DD2-3
Added Pin To Net: NetName=NetDD2_6 Pin=DD2-6
Added Pin To Net: NetName=NetDD2_7 Pin=DD2-7
Added Pin To Net: NetName=GND Pin=DD2-8
Added Pin To Net: NetName=NetDD2_9 Pin=DD2-9
Added Pin To Net: NetName=NetDD2_10 Pin=DD2-10
Added Pin To Net: NetName=NetDD2_11 Pin=DD2-11
Added Pin To Net: NetName=NetDD2_11 Pin=DD2-12
Added Pin To Net: NetName=GND Pin=DD2-13
Added Pin To Net: NetName=NetDD2_14 Pin=DD2-14
Added Pin To Net: NetName=NetDD2_15 Pin=DD2-15
Added Pin To Net: NetName=NetDD2_16 Pin=DD2-16
Added Pin To Net: NetName=NetDD2_17 Pin=DD2-17
Added Pin To Net: NetName=GND Pin=DD2-18
Added Pin To Net: NetName=NetDD2_19 Pin=DD2-19
Added Pin To Net: NetName=NetDD2_20 Pin=DD2-20
Added Pin To Net: NetName=NetDD1_15 Pin=DD2-21
Added Pin To Net: NetName=NetDD1_16 Pin=DD2-22
Added Pin To Net: NetName=GND Pin=DD2-23
Added Pin To Net: NetName=NetDD2_24 Pin=DD2-24
Added Pin To Net: NetName=NetDD2_25 Pin=DD2-25
Added Pin To Net: NetName=GND Pin=DD2-28
Added Pin To Net: NetName=GND Pin=DD2-33
Added Pin To Net: NetName=+3.3V Pin=DD2-36
Added Pin To Net: NetName=GND Pin=DD2-38
Added Pin To Net: NetName=+5V Pin=DD2-39
Added Pin To Net: NetName=+3.3V Pin=HG1-1
Added Pin To Net: NetName=GND Pin=HG1-2
Added Pin To Net: NetName=NetDD2_2 Pin=HG1-3
Added Pin To Net: NetName=NetDD2_1 Pin=HG1-4
Added Pin To Net: NetName=+3.3V Pin=HL1-1
Added Pin To Net: NetName=NetDD2_16 Pin=HL1-2
Added Pin To Net: NetName=+3.3V Pin=HL2-1
Added Pin To Net: NetName=NetDD2_17 Pin=HL2-2
Added Pin To Net: NetName=+3.3V Pin=HL3-1
Added Pin To Net: NetName=NetDD2_19 Pin=HL3-2
Added Pin To Net: NetName=+3.3V Pin=HL4-1
Added Pin To Net: NetName=NetDD2_20 Pin=HL4-2
Added Pin To Net: NetName=+3.3V Pin=HL5-1
Added Pin To Net: NetName=NetDD2_24 Pin=HL5-2
Added Pin To Net: NetName=+3.3V Pin=HL6-1
Added Pin To Net: NetName=NetDD2_25 Pin=HL6-2
Added Pin To Net: NetName=GND Pin=R1-1
Added Pin To Net: NetName=NetDD2_15 Pin=R1-2
Added Pin To Net: NetName=GND Pin=R2-1
Added Pin To Net: NetName=NetDD2_14 Pin=R2-2
Added Pin To Net: NetName=GND Pin=R3-1
Added Pin To Net: NetName=NetR3_2 Pin=R3-2
Added Pin To Net: NetName=GND Pin=R4-1
Added Pin To Net: NetName=NetDD2_11 Pin=R4-2
Added Pin To Net: NetName=GND Pin=R5-1
Added Pin To Net: NetName=NetDD2_10 Pin=R5-2
Added Pin To Net: NetName=GND Pin=R6-1
Added Pin To Net: NetName=NetDD2_9 Pin=R6-2
Add Pin To Net: Unknown Pin: Pin SW1-1
Add Pin To Net: Unknown Pin: Pin SW1-2
Add Pin To Net: Unknown Pin: Pin SW2-1
Add Pin To Net: Unknown Pin: Pin SW2-2
Add Pin To Net: Unknown Pin: Pin SW3-1
Add Pin To Net: Unknown Pin: Pin SW3-2
Added Pin To Net: NetName=NetDA1_6 Pin=SW4-1
Added Pin To Net: NetName=+5V Pin=SW4-2
Add Pin To Net: Unknown Pin: Pin SW5-1
Add Pin To Net: Unknown Pin: Pin SW5-2
Add Pin To Net: Unknown Pin: Pin SW6-1
Add Pin To Net: Unknown Pin: Pin SW6-2
Add Pin To Net: Unknown Pin: Pin SW7-1
Add Pin To Net: Unknown Pin: Pin SW7-2
Added Pin To Net: NetName=NetDA1_3 Pin=XS1-1
Added Pin To Net: NetName=NetDA1_4 Pin=XS1-2
Add Pin To Net: Unknown Pin: Pin XS2-1
Add Pin To Net: Unknown Pin: Pin XS2-2
Add Pin To Net: Unknown Pin: Pin XS2-3
Add Pin To Net: Unknown Pin: Pin XS2-4
Add Pin To Net: Unknown Pin: Pin XS3-1
Add Pin To Net: Unknown Pin: Pin XS3-2
Add Pin To Net: Unknown Pin: Pin XS3-3
Add Pin To Net: Unknown Pin: Pin XS3-4
Add Pin To Net: Unknown Pin: Pin XS4-1
Add Pin To Net: Unknown Pin: Pin XS4-2
Add Pin To Net: Unknown Pin: Pin XS4-3
Add Pin To Net: Unknown Pin: Pin XS4-4
Add Pin To Net: Unknown Pin: Pin XS5-1
Add Pin To Net: Unknown Pin: Pin XS5-2
Add Pin To Net: Unknown Pin: Pin XS5-3
Add Pin To Net: Unknown Pin: Pin XS5-4
Add Pin To Net: Unknown Pin: Pin XS6-1
Add Pin To Net: Unknown Pin: Pin XS6-2
Add Pin To Net: Unknown Pin: Pin XS6-3
Add Pin To Net: Unknown Pin: Pin XS6-4
Add Pin To Net: Unknown Pin: Pin XS7-1
Add Pin To Net: Unknown Pin: Pin XS7-2
Add Pin To Net: Unknown Pin: Pin XS7-3
Add Pin To Net: Unknown Pin: Pin XS7-4
Added Member To Class: ClassName=Sheet1 Member=Component DA1 1S 4057 BMS USB C
Add Class Member: Failed to add class member : Component DD1 ESPWemos
Added Member To Class: ClassName=Sheet1 Member=Component DD2 Raspberry Pi Pico
Added Member To Class: ClassName=Sheet1 Member=Component HG1 Oled I2C
Added Member To Class: ClassName=Sheet1 Member=Component HL1 led
Added Member To Class: ClassName=Sheet1 Member=Component HL2 led
Added Member To Class: ClassName=Sheet1 Member=Component HL3 led
Added Member To Class: ClassName=Sheet1 Member=Component HL4 led
Added Member To Class: ClassName=Sheet1 Member=Component HL5 led
Added Member To Class: ClassName=Sheet1 Member=Component HL6 led
Added Member To Class: ClassName=Sheet1 Member=Component R1 resistor
Added Member To Class: ClassName=Sheet1 Member=Component R2 resistor
Added Member To Class: ClassName=Sheet1 Member=Component R3 resistor
Added Member To Class: ClassName=Sheet1 Member=Component R4 resistor
Added Member To Class: ClassName=Sheet1 Member=Component R5 resistor
Added Member To Class: ClassName=Sheet1 Member=Component R6 resistor
Added Member To Class: ClassName=Sheet1 Member=Component SW1 button
Added Member To Class: ClassName=Sheet1 Member=Component SW2 button
Added Member To Class: ClassName=Sheet1 Member=Component SW3 button
Added Member To Class: ClassName=Sheet1 Member=Component SW4 button
Added Member To Class: ClassName=Sheet1 Member=Component SW5 button
Added Member To Class: ClassName=Sheet1 Member=Component SW6 button
Added Member To Class: ClassName=Sheet1 Member=Component SW7 button
Added Member To Class: ClassName=Sheet1 Member=Component XS1 Power
Added Member To Class: ClassName=Sheet1 Member=Component XS2 I2C
Added Member To Class: ClassName=Sheet1 Member=Component XS3 I2C
Added Member To Class: ClassName=Sheet1 Member=Component XS4 I2C
Added Member To Class: ClassName=Sheet1 Member=Component XS5 I2C
Added Member To Class: ClassName=Sheet1 Member=Component XS6 I2C
Added Member To Class: ClassName=Sheet1 Member=Component XS7 I2C
